running test_examples
Traceback (most recent call last):
  File "src/ESMF/interface/loadESMF.py", line 12, in <module>
    from ESMF.interface.esmfmkfile import ESMFMKFILE as esmfmk
ModuleNotFoundError: No module named 'ESMF.interface.esmfmkfile'

During handling of the above exception, another exception occurred:

Traceback (most recent call last):
  File "setup.py", line 273, in <module>
    'test_regrid_from_file_parallel': TestRegridFromFileParallelCommand})
  File "/glade/u/apps/ch/opt/python/3.6.8/gnu/8.3.0/lib/python3.6/distutils/core.py", line 148, in setup
    dist.run_commands()
  File "/glade/u/apps/ch/opt/python/3.6.8/gnu/8.3.0/lib/python3.6/distutils/dist.py", line 955, in run_commands
    self.run_command(cmd)
  File "/glade/u/apps/ch/opt/python/3.6.8/gnu/8.3.0/lib/python3.6/distutils/dist.py", line 974, in run_command
    cmd_obj.run()
  File "setup.py", line 13, in wrapper
    from ESMF.util.cache_data import cache_data_files
  File "src/ESMF/__init__.py", line 69, in <module>
    from ESMF.api.esmpymanager import *
  File "src/ESMF/api/esmpymanager.py", line 11, in <module>
    from ESMF.interface.cbindings import *
  File "src/ESMF/interface/cbindings.py", line 13, in <module>
    from ESMF.interface.loadESMF import _ESMF
  File "src/ESMF/interface/loadESMF.py", line 14, in <module>
    raise ImportError('The ESMFMKFILE cannot be found!')
ImportError: The ESMFMKFILE cannot be found!
